python : 3.13.13   cwd: /home/diogo/master-thesis-unipi
openmc : 0.15.3   XS: /home/diogo/openmc_data/endfb-vii.1-hdf5/cross_sections.xml
plan: 8 designs x 3 states x 4 ppm x 1 seeds = 96 core solves at 100000 x 170
  design 47: e=4.39 gd=2.88 refl=4.29 pins=12  archive k_core=1.0981 k_ARI=0.9248
  design 23: e=4.94 gd=2.80 refl=4.81 pins=12  archive k_core=1.1316 k_ARI=0.9549
  design 21: e=7.81 gd=3.11 refl=4.92 pins=32  archive k_core=1.1264 k_ARI=0.9720
  design 44: e=9.23 gd=3.20 refl=5.33 pins=40  archive k_core=1.1316 k_ARI=0.9848
  design 1: e=11.03 gd=7.43 refl=3.94 pins=40  archive k_core=1.1306 k_ARI=0.9879
  design 53: e=3.45 gd=2.92 refl=4.74 pins=12  archive k_core=1.0263 k_ARI=0.8633
  design 13: e=5.14 gd=5.25 refl=3.15 pins=24  archive k_core=1.0424 k_ARI=0.8858
  design 31: e=6.59 gd=3.38 refl=4.18 pins=40  archive k_core=1.0339 k_ARI=0.8949
  d47 ARO      0 ppm seed 0: k = 1.18908 +/- 0.00029  F = 1.601  (133 s)
  d47 ARO    500 ppm seed 0: k = 1.14090 +/- 0.00028  F = 1.602  (132 s)
  d47 ARO   1000 ppm seed 0: k = 1.09791 +/- 0.00027  F = 1.541  (131 s)
  d47 ARO   1500 ppm seed 0: k = 1.05938 +/- 0.00030  F = 1.484  (131 s)
  d47 ARI      0 ppm seed 0: k = 0.98637 +/- 0.00030  F = 2.331  (126 s)
  d47 ARI    500 ppm seed 0: k = 0.95414 +/- 0.00029  F = 2.398  (132 s)
  d47 ARI   1000 ppm seed 0: k = 0.92469 +/- 0.00027  F = 2.346  (131 s)
  d47 ARI   1500 ppm seed 0: k = 0.89767 +/- 0.00026  F = 2.283  (130 s)
  d47 RE12     0 ppm seed 0: k = 1.08490 +/- 0.00032  F = 2.011  (138 s)
  d47 RE12   500 ppm seed 0: k = 1.04616 +/- 0.00028  F = 2.020  (140 s)
  d47 RE12  1000 ppm seed 0: k = 1.01064 +/- 0.00025  F = 2.064  (136 s)
  d47 RE12  1500 ppm seed 0: k = 0.97836 +/- 0.00026  F = 2.019  (143 s)
design 47: boron 6.983 pcm/ppm, four-bank margin at 1000 ppm 8143.8 pcm, at 0 ppm 1382.0 pcm, boron share 0.29
  d23 ARO      0 ppm seed 0: k = 1.21820 +/- 0.00028  F = 1.613  (138 s)
  d23 ARO    500 ppm seed 0: k = 1.17258 +/- 0.00030  F = 1.564  (132 s)
  d23 ARO   1000 ppm seed 0: k = 1.13129 +/- 0.00029  F = 1.568  (135 s)
  d23 ARO   1500 ppm seed 0: k = 1.09490 +/- 0.00030  F = 1.531  (131 s)
  d23 ARI      0 ppm seed 0: k = 1.01325 +/- 0.00031  F = 2.307  (126 s)
  d23 ARI    500 ppm seed 0: k = 0.98287 +/- 0.00026  F = 2.298  (135 s)
  d23 ARI   1000 ppm seed 0: k = 0.95470 +/- 0.00030  F = 2.263  (132 s)
  d23 ARI   1500 ppm seed 0: k = 0.92842 +/- 0.00025  F = 2.266  (133 s)
  d23 RE12     0 ppm seed 0: k = 1.11292 +/- 0.00030  F = 2.045  (139 s)
  d23 RE12   500 ppm seed 0: k = 1.07595 +/- 0.00028  F = 1.987  (138 s)
  d23 RE12  1000 ppm seed 0: k = 1.04240 +/- 0.00029  F = 1.957  (160 s)
  d23 RE12  1500 ppm seed 0: k = 1.01131 +/- 0.00027  F = 1.934  (138 s)
design 23: boron 6.306 pcm/ppm, four-bank margin at 1000 ppm 4744.9 pcm, at 0 ppm -1307.9 pcm, boron share 0.278
  d21 ARO      0 ppm seed 0: k = 1.18152 +/- 0.00028  F = 1.673  (124 s)
  d21 ARO    500 ppm seed 0: k = 1.15259 +/- 0.00028  F = 1.649  (127 s)
  d21 ARO   1000 ppm seed 0: k = 1.12591 +/- 0.00030  F = 1.608  (139 s)
  d21 ARO   1500 ppm seed 0: k = 1.10065 +/- 0.00027  F = 1.554  (135 s)
  d21 ARI      0 ppm seed 0: k = 1.01194 +/- 0.00029  F = 2.246  (139 s)
  d21 ARI    500 ppm seed 0: k = 0.99128 +/- 0.00030  F = 2.266  (134 s)
  d21 ARI   1000 ppm seed 0: k = 0.97203 +/- 0.00026  F = 2.171  (130 s)
  d21 ARI   1500 ppm seed 0: k = 0.95508 +/- 0.00024  F = 2.193  (124 s)
  d21 RE12     0 ppm seed 0: k = 1.09616 +/- 0.00031  F = 2.021  (126 s)
  d21 RE12   500 ppm seed 0: k = 1.07229 +/- 0.00029  F = 1.966  (130 s)
  d21 RE12  1000 ppm seed 0: k = 1.05023 +/- 0.00026  F = 1.982  (128 s)
  d21 RE12  1500 ppm seed 0: k = 1.02934 +/- 0.00032  F = 1.956  (130 s)
design 21: boron 4.181 pcm/ppm, four-bank margin at 1000 ppm 2877.1 pcm, at 0 ppm -1179.8 pcm, boron share 0.229
  d44 ARO      0 ppm seed 0: k = 1.17860 +/- 0.00029  F = 1.668  (122 s)
  d44 ARO    500 ppm seed 0: k = 1.15453 +/- 0.00030  F = 1.671  (125 s)
  d44 ARO   1000 ppm seed 0: k = 1.13187 +/- 0.00025  F = 1.631  (124 s)
  d44 ARO   1500 ppm seed 0: k = 1.11020 +/- 0.00027  F = 1.611  (131 s)
  d44 ARI      0 ppm seed 0: k = 1.01850 +/- 0.00029  F = 2.211  (124 s)
  d44 ARI    500 ppm seed 0: k = 1.00138 +/- 0.00027  F = 2.217  (128 s)
  d44 ARI   1000 ppm seed 0: k = 0.98500 +/- 0.00028  F = 2.183  (130 s)
  d44 ARI   1500 ppm seed 0: k = 0.96929 +/- 0.00026  F = 2.199  (124 s)
  d44 RE12     0 ppm seed 0: k = 1.09954 +/- 0.00026  F = 1.984  (138 s)
  d44 RE12   500 ppm seed 0: k = 1.07940 +/- 0.00029  F = 2.006  (129 s)
  d44 RE12  1000 ppm seed 0: k = 1.06020 +/- 0.00028  F = 1.977  (138 s)
  d44 RE12  1500 ppm seed 0: k = 1.04073 +/- 0.00023  F = 2.008  (144 s)
design 44: boron 3.503 pcm/ppm, four-bank margin at 1000 ppm 1523.4 pcm, at 0 ppm -1815.9 pcm, boron share 0.21
  d1 ARO      0 ppm seed 0: k = 1.17221 +/- 0.00028  F = 1.734  (119 s)
  d1 ARO    500 ppm seed 0: k = 1.15032 +/- 0.00027  F = 1.756  (123 s)
  d1 ARO   1000 ppm seed 0: k = 1.13071 +/- 0.00029  F = 1.697  (122 s)
  d1 ARO   1500 ppm seed 0: k = 1.11096 +/- 0.00025  F = 1.682  (121 s)
  d1 ARI      0 ppm seed 0: k = 1.01711 +/- 0.00033  F = 2.202  (119 s)
  d1 ARI    500 ppm seed 0: k = 1.00251 +/- 0.00024  F = 2.186  (142 s)
  d1 ARI   1000 ppm seed 0: k = 0.98787 +/- 0.00024  F = 2.218  (146 s)
  d1 ARI   1500 ppm seed 0: k = 0.97465 +/- 0.00027  F = 2.231  (152 s)
  d1 RE12     0 ppm seed 0: k = 1.09582 +/- 0.00028  F = 2.016  (149 s)
  d1 RE12   500 ppm seed 0: k = 1.07823 +/- 0.00028  F = 2.058  (149 s)
  d1 RE12  1000 ppm seed 0: k = 1.06116 +/- 0.00026  F = 2.013  (155 s)
  d1 RE12  1500 ppm seed 0: k = 1.04485 +/- 0.00026  F = 2.031  (155 s)
design 1: boron 3.131 pcm/ppm, four-bank margin at 1000 ppm 1227.9 pcm, at 0 ppm -1681.9 pcm, boron share 0.197
  d53 ARO      0 ppm seed 0: k = 1.12462 +/- 0.00027  F = 1.577  (148 s)
  d53 ARO    500 ppm seed 0: k = 1.07186 +/- 0.00025  F = 1.519  (153 s)
  d53 ARO   1000 ppm seed 0: k = 1.02610 +/- 0.00029  F = 1.505  (157 s)
  d53 ARO   1500 ppm seed 0: k = 0.98453 +/- 0.00027  F = 1.496  (149 s)
  d53 ARI      0 ppm seed 0: k = 0.92991 +/- 0.00026  F = 2.426  (151 s)
  d53 ARI    500 ppm seed 0: k = 0.89536 +/- 0.00029  F = 2.420  (156 s)
  d53 ARI   1000 ppm seed 0: k = 0.86295 +/- 0.00028  F = 2.364  (141 s)
  d53 ARI   1500 ppm seed 0: k = 0.83405 +/- 0.00030  F = 2.259  (141 s)
  d53 RE12     0 ppm seed 0: k = 1.02584 +/- 0.00031  F = 2.037  (146 s)
  d53 RE12   500 ppm seed 0: k = 0.98292 +/- 0.00030  F = 2.065  (146 s)
  d53 RE12  1000 ppm seed 0: k = 0.94458 +/- 0.00025  F = 2.053  (161 s)
  d53 RE12  1500 ppm seed 0: k = 0.90943 +/- 0.00024  F = 2.033  (164 s)
design 53: boron 8.538 pcm/ppm, four-bank margin at 1000 ppm 15881.2 pcm, at 0 ppm 7536.9 pcm, boron share 0.317
  d13 ARO      0 ppm seed 0: k = 1.11284 +/- 0.00028  F = 1.682  (146 s)
  d13 ARO    500 ppm seed 0: k = 1.07615 +/- 0.00027  F = 1.632  (150 s)
  d13 ARO   1000 ppm seed 0: k = 1.04168 +/- 0.00030  F = 1.619  (144 s)
  d13 ARO   1500 ppm seed 0: k = 1.01097 +/- 0.00028  F = 1.583  (147 s)
  d13 ARI      0 ppm seed 0: k = 0.93439 +/- 0.00032  F = 2.392  (128 s)
  d13 ARI    500 ppm seed 0: k = 0.90911 +/- 0.00027  F = 2.321  (148 s)
  d13 ARI   1000 ppm seed 0: k = 0.88545 +/- 0.00032  F = 2.404  (139 s)
  d13 ARI   1500 ppm seed 0: k = 0.86418 +/- 0.00027  F = 2.388  (133 s)
  d13 RE12     0 ppm seed 0: k = 1.02371 +/- 0.00031  F = 2.101  (151 s)
  d13 RE12   500 ppm seed 0: k = 0.99381 +/- 0.00027  F = 2.069  (133 s)
  d13 RE12  1000 ppm seed 0: k = 0.96543 +/- 0.00027  F = 2.066  (133 s)
  d13 RE12  1500 ppm seed 0: k = 0.93967 +/- 0.00026  F = 2.046  (146 s)
design 13: boron 6.139 pcm/ppm, four-bank margin at 1000 ppm 12936.7 pcm, at 0 ppm 7022.0 pcm, boron share 0.266
  d31 ARO      0 ppm seed 0: k = 1.08779 +/- 0.00031  F = 1.692  (129 s)
  d31 ARO    500 ppm seed 0: k = 1.06021 +/- 0.00031  F = 1.712  (137 s)
  d31 ARO   1000 ppm seed 0: k = 1.03393 +/- 0.00028  F = 1.649  (137 s)
  d31 ARO   1500 ppm seed 0: k = 1.00951 +/- 0.00027  F = 1.634  (144 s)
  d31 ARI      0 ppm seed 0: k = 0.93265 +/- 0.00026  F = 2.380  (132 s)
  d31 ARI    500 ppm seed 0: k = 0.91254 +/- 0.00027  F = 2.372  (141 s)
  d31 ARI   1000 ppm seed 0: k = 0.89420 +/- 0.00026  F = 2.363  (131 s)
  d31 ARI   1500 ppm seed 0: k = 0.87760 +/- 0.00024  F = 2.283  (128 s)
  d31 RE12     0 ppm seed 0: k = 1.01176 +/- 0.00027  F = 2.142  (130 s)
  d31 RE12   500 ppm seed 0: k = 0.98873 +/- 0.00026  F = 2.071  (132 s)
  d31 RE12  1000 ppm seed 0: k = 0.96661 +/- 0.00026  F = 2.112  (140 s)
  d31 RE12  1500 ppm seed 0: k = 0.94551 +/- 0.00028  F = 2.086  (130 s)
design 31: boron 4.788 pcm/ppm, four-bank margin at 1000 ppm 11832.1 pcm, at 0 ppm 7221.4 pcm, boron share 0.241
wrote boron_c8/summary.json and boron_c8/boron_table.tex
