python : 3.13.13   cwd: /home/diogo/master-thesis-unipi
openmc : 0.15.3   XS: /home/diogo/openmc_data/endfb-vii.1-hdf5/cross_sections.xml
boron  : 1000.0 ppm in every solve

=== design 69 ===
radial [cm]: R_env 77.231  fuel cyl 77.251  reflector -> 82.911  barrel -> 87.991  downcomer 2.009  vessel 90.0 -> 100.0
axial [cm from the fuel mid-plane]:
  water_below     -86.365 to  -71.365
  bottom_nozzle   -71.365 to  -61.205
  lower_cap       -61.205 to  -60.000
  fuel            -60.000 to   60.000
  plenum           60.000 to   73.490
  upper_cap        73.490 to   74.695
  upper_gap        74.695 to   83.176
  top_nozzle       83.176 to   92.196
  water_above      92.196 to  107.196
  grid 1 htm   -56.445 to  -52.000  in fuel
  grid 2 htp   -15.045 to  -10.600  in fuel
  grid 3 htp    26.355 to   30.800  in fuel
  grid 4 htp    67.755 to   72.200  in plenum
inserted rod (benchmark): unrodded -60.000 to -47.960, AIC to -17.480, B4C to 60.000 (B4C length 77.48 cm)
parked rod AIC: 60.000 to 83.176 (plenum + cap + gap, on)
grid strap area fraction of the cell 0.0560 (explicit box 1.2242 -> pitch), spring fraction of the rod bore 0.0243
homogenised slabs (volume fractions per assembly cell):
  bottom_nozzle          ss 0.1720  water 0.8280
  top_nozzle             ss 0.1770  water 0.8230
  lower_cap              zr 0.4161  water 0.5839
  plenum                 zr 0.1063  inconel 0.0075  he 0.3023  water 0.5839
  plenum_parked          zr 0.1063  inconel 0.0075  he 0.3023  aic 0.0299  cr_ss 0.0071  cr_he 0.0014  water 0.5454
  plenum_inserted        zr 0.1063  inconel 0.0075  he 0.3023  cr_ss 0.0071  cr_he 0.0314  water 0.5454
  upper_cap              zr 0.4161  water 0.5839
  upper_cap_parked       zr 0.4161  aic 0.0299  cr_ss 0.0071  cr_he 0.0014  water 0.5454
  upper_cap_inserted     zr 0.4161  cr_ss 0.0071  cr_he 0.0314  water 0.5454
  upper_gap              zr 0.0082  water 0.9918
  upper_gap_parked       zr 0.0082  aic 0.0299  cr_ss 0.0071  cr_he 0.0014  water 0.9533
  upper_gap_inserted     zr 0.0082  cr_ss 0.0071  cr_he 0.0314  water 0.9533
  plenum_grid            zr 0.1623  inconel 0.0075  he 0.3023  water 0.5279
  plenum_parked_grid     zr 0.1623  inconel 0.0075  he 0.3023  aic 0.0299  cr_ss 0.0071  cr_he 0.0014  water 0.4894
  plenum_inserted_grid   zr 0.1623  inconel 0.0075  he 0.3023  cr_ss 0.0071  cr_he 0.0314  water 0.4894
departures exposed: refl_steel_vol campaign 0.90, cr_abs_radius campaign 0.4331
  d69 ARO  2D   seed 0: k = 1.08313 +/- 0.00022 F = 1.519 entropy_conv 9 (175.10743165016174 s)
  d69 ARO  2D   seed 1: k = 1.08304 +/- 0.00022 F = 1.536 entropy_conv 10 (177.50369119644165 s)
  d69 ARO  3Dhw seed 0: k = 1.05095 +/- 0.00022 F = 1.513 entropy_conv 18 (205.0 s)
  d69 ARO  3Dhw seed 1: k = 1.05083 +/- 0.00025 F = 1.480 entropy_conv 11 (206.6 s)
  d69 ARI  2D   seed 0: k = 0.92217 +/- 0.00023 F = 2.265 entropy_conv 9 (173.71112775802612 s)
  d69 ARI  2D   seed 1: k = 0.92153 +/- 0.00019 F = 2.241 entropy_conv 11 (173.924889087677 s)
  d69 ARI  3Dhw seed 0: k = 0.90629 +/- 0.00021 F = 2.060 entropy_conv 11 (215.9 s)
  d69 ARI  3Dhw seed 1: k = 0.90624 +/- 0.00022 F = 2.080 entropy_conv 10 (213.9 s)
  d69 RE12 2D   seed 0: k = 1.00252 +/- 0.00022 F = 1.977 entropy_conv 6 (176.36348390579224 s)
  d69 RE12 2D   seed 1: k = 1.00298 +/- 0.00021 F = 1.925 entropy_conv 6 (180.42458319664001 s)
  d69 RE12 3Dhw seed 0: k = 0.97868 +/- 0.00021 F = 1.894 entropy_conv 6 (226.5 s)
  d69 RE12 3Dhw seed 1: k = 0.97785 +/- 0.00024 F = 1.863 entropy_conv 6 (217.6 s)
design 69:  L_ax_hw(ARO) 1.0306  F2D 1.528  F3D 1.496  ARI margin 2D/3D 8478/10343 pcm, L_ax 1.0172  RE12 margin 2D/3D -274/2222 pcm, L_ax 1.0250

=== design 70 ===
radial [cm]: R_env 77.231  fuel cyl 77.251  reflector -> 82.911  barrel -> 87.991  downcomer 2.009  vessel 90.0 -> 100.0
axial [cm from the fuel mid-plane]:
  water_below     -86.365 to  -71.365
  bottom_nozzle   -71.365 to  -61.205
  lower_cap       -61.205 to  -60.000
  fuel            -60.000 to   60.000
  plenum           60.000 to   73.490
  upper_cap        73.490 to   74.695
  upper_gap        74.695 to   83.176
  top_nozzle       83.176 to   92.196
  water_above      92.196 to  107.196
  grid 1 htm   -56.445 to  -52.000  in fuel
  grid 2 htp   -15.045 to  -10.600  in fuel
  grid 3 htp    26.355 to   30.800  in fuel
  grid 4 htp    67.755 to   72.200  in plenum
inserted rod (benchmark): unrodded -60.000 to -47.960, AIC to -17.480, B4C to 60.000 (B4C length 77.48 cm)
parked rod AIC: 60.000 to 83.176 (plenum + cap + gap, on)
grid strap area fraction of the cell 0.0560 (explicit box 1.2242 -> pitch), spring fraction of the rod bore 0.0243
homogenised slabs (volume fractions per assembly cell):
  bottom_nozzle          ss 0.1720  water 0.8280
  top_nozzle             ss 0.1770  water 0.8230
  lower_cap              zr 0.4161  water 0.5839
  plenum                 zr 0.1063  inconel 0.0075  he 0.3023  water 0.5839
  plenum_parked          zr 0.1063  inconel 0.0075  he 0.3023  aic 0.0299  cr_ss 0.0071  cr_he 0.0014  water 0.5454
  plenum_inserted        zr 0.1063  inconel 0.0075  he 0.3023  cr_ss 0.0071  cr_he 0.0314  water 0.5454
  upper_cap              zr 0.4161  water 0.5839
  upper_cap_parked       zr 0.4161  aic 0.0299  cr_ss 0.0071  cr_he 0.0014  water 0.5454
  upper_cap_inserted     zr 0.4161  cr_ss 0.0071  cr_he 0.0314  water 0.5454
  upper_gap              zr 0.0082  water 0.9918
  upper_gap_parked       zr 0.0082  aic 0.0299  cr_ss 0.0071  cr_he 0.0014  water 0.9533
  upper_gap_inserted     zr 0.0082  cr_ss 0.0071  cr_he 0.0314  water 0.9533
  plenum_grid            zr 0.1623  inconel 0.0075  he 0.3023  water 0.5279
  plenum_parked_grid     zr 0.1623  inconel 0.0075  he 0.3023  aic 0.0299  cr_ss 0.0071  cr_he 0.0014  water 0.4894
  plenum_inserted_grid   zr 0.1623  inconel 0.0075  he 0.3023  cr_ss 0.0071  cr_he 0.0314  water 0.4894
departures exposed: refl_steel_vol campaign 0.90, cr_abs_radius campaign 0.4331
  d70 ARO  2D   seed 0: k = 1.05324 +/- 0.00023 F = 1.543 entropy_conv 13 (174.98997712135315 s)
  d70 ARO  2D   seed 1: k = 1.05336 +/- 0.00020 F = 1.535 entropy_conv 9 (176.46268153190613 s)
  d70 ARO  3Dhw seed 0: k = 1.02224 +/- 0.00023 F = 1.516 entropy_conv 9 (211.9 s)
  d70 ARO  3Dhw seed 1: k = 1.02240 +/- 0.00022 F = 1.516 entropy_conv 9 (205.3 s)
  d70 ARI  2D   seed 0: k = 0.89833 +/- 0.00019 F = 2.226 entropy_conv 10 (173.75076293945312 s)
  d70 ARI  2D   seed 1: k = 0.89838 +/- 0.00021 F = 2.296 entropy_conv 10 (174.90689325332642 s)
  d70 ARI  3Dhw seed 0: k = 0.88362 +/- 0.00022 F = 2.121 entropy_conv 9 (214.3 s)
  d70 ARI  3Dhw seed 1: k = 0.88327 +/- 0.00021 F = 2.136 entropy_conv 11 (214.0 s)
  d70 RE12 2D   seed 0: k = 0.97644 +/- 0.00023 F = 1.971 entropy_conv 5 (178.45129895210266 s)
  d70 RE12 2D   seed 1: k = 0.97675 +/- 0.00022 F = 1.994 entropy_conv 118 (179.7560589313507 s)
  d70 RE12 3Dhw seed 0: k = 0.95275 +/- 0.00022 F = 1.946 entropy_conv 113 (219.2 s)
  d70 RE12 3Dhw seed 1: k = 0.95307 +/- 0.00020 F = 1.910 entropy_conv 5 (221.4 s)
design 70:  L_ax_hw(ARO) 1.0303  F2D 1.539  F3D 1.516  ARI margin 2D/3D 11315/13193 pcm, L_ax 1.0169  RE12 margin 2D/3D 2396/4941 pcm, L_ax 1.0249
wrote confirm3d_c9a/summary.json
