nohup: ignoring input
d47 p25000 s1: F 1.6246  hot err 3.95%  k 1.02726  36 s
d47 p25000 s2: F 1.6292  hot err 3.64%  k 1.02735  35 s
d47 p25000 s3: F 1.6448  hot err 3.75%  k 1.02738  35 s
d47 p25000 s4: F 1.6422  hot err 3.70%  k 1.02729  35 s
d47 p25000 s5: F 1.6495  hot err 3.90%  k 1.02812  35 s
d47 p25000 s6: F 1.6849  hot err 4.19%  k 1.02758  35 s
d47 p25000 s7: F 1.6267  hot err 3.73%  k 1.02789  35 s
d47 p25000 s8: F 1.6502  hot err 4.21%  k 1.02727  35 s
d47 p100000 s1: F 1.5803  hot err 1.88%  k 1.02702  104 s
d47 p100000 s2: F 1.5654  hot err 1.86%  k 1.02756  105 s
d47 p100000 s3: F 1.5423  hot err 1.78%  k 1.02766  104 s
d47 p100000 s4: F 1.5476  hot err 1.91%  k 1.02744  106 s
d47 p100000 s5: F 1.5731  hot err 1.92%  k 1.02731  104 s
d47 p100000 s6: F 1.5579  hot err 1.96%  k 1.02739  104 s
d47 p100000 s7: F 1.5581  hot err 1.90%  k 1.02782  105 s
d47 p100000 s8: F 1.5487  hot err 2.07%  k 1.02732  104 s
d47 p400000 s1: F 1.5068  hot err 0.96%  k 1.02707  383 s
d47 p400000 s2: F 1.5164  hot err 1.06%  k 1.02728  388 s
d47 p400000 s3: F 1.5458  hot err 1.02%  k 1.02714  386 s
d47 p400000 s4: F 1.5380  hot err 0.99%  k 1.02754  387 s
d47 p400000 s5: F 1.5306  hot err 1.00%  k 1.02750  387 s
d47 p400000 s6: F 1.5170  hot err 1.02%  k 1.02756  392 s
d47 p400000 s7: F 1.5318  hot err 1.03%  k 1.02752  388 s
d47 p400000 s8: F 1.5095  hot err 1.04%  k 1.02725  390 s
d44 p25000 s1: F 1.6207  hot err 4.02%  k 1.02302  36 s
d44 p25000 s2: F 1.6137  hot err 4.18%  k 1.02296  36 s
d44 p25000 s3: F 1.6634  hot err 3.77%  k 1.02453  36 s
d44 p25000 s4: F 1.6203  hot err 3.74%  k 1.02398  37 s
d44 p25000 s5: F 1.6334  hot err 4.03%  k 1.02387  36 s
d44 p25000 s6: F 1.6697  hot err 3.67%  k 1.02271  36 s
d44 p25000 s7: F 1.6247  hot err 4.20%  k 1.02306  36 s
d44 p25000 s8: F 1.5866  hot err 4.30%  k 1.02237  36 s
d44 p100000 s1: F 1.5261  hot err 1.98%  k 1.02297  105 s
d44 p100000 s2: F 1.5205  hot err 1.87%  k 1.02294  107 s
d44 p100000 s3: F 1.5327  hot err 2.00%  k 1.02340  106 s
d44 p100000 s4: F 1.5261  hot err 1.99%  k 1.02340  105 s
d44 p100000 s5: F 1.5408  hot err 1.95%  k 1.02324  107 s
d44 p100000 s6: F 1.5578  hot err 2.16%  k 1.02310  104 s
d44 p100000 s7: F 1.5458  hot err 2.01%  k 1.02331  105 s
d44 p100000 s8: F 1.5365  hot err 1.89%  k 1.02275  106 s
d44 p400000 s1: F 1.4998  hot err 1.04%  k 1.02319  390 s
d44 p400000 s2: F 1.4998  hot err 0.89%  k 1.02329  394 s
d44 p400000 s3: F 1.5112  hot err 0.99%  k 1.02305  389 s
d44 p400000 s4: F 1.5015  hot err 0.78%  k 1.02320  391 s
d44 p400000 s5: F 1.5091  hot err 0.95%  k 1.02320  388 s
d44 p400000 s6: F 1.5072  hot err 0.96%  k 1.02332  387 s
d44 p400000 s7: F 1.4961  hot err 0.85%  k 1.02324  392 s
d44 p400000 s8: F 1.5184  hot err 1.03%  k 1.02324  389 s
d34 p25000 s1: F 1.5847  hot err 3.79%  k 1.05085  36 s
d34 p25000 s2: F 1.5716  hot err 4.10%  k 1.05152  36 s
d34 p25000 s3: F 1.5887  hot err 3.73%  k 1.05231  36 s
d34 p25000 s4: F 1.5606  hot err 3.75%  k 1.05161  36 s
d34 p25000 s5: F 1.6341  hot err 3.79%  k 1.05172  36 s
d34 p25000 s6: F 1.5770  hot err 3.92%  k 1.05035  35 s
d34 p25000 s7: F 1.6029  hot err 3.96%  k 1.05161  36 s
d34 p25000 s8: F 1.6004  hot err 4.00%  k 1.05190  35 s
d34 p100000 s1: F 1.5014  hot err 1.98%  k 1.05194  107 s
d34 p100000 s2: F 1.5158  hot err 2.09%  k 1.05195  105 s
d34 p100000 s3: F 1.4937  hot err 1.97%  k 1.05129  106 s
d34 p100000 s4: F 1.5090  hot err 1.85%  k 1.05091  106 s
d34 p100000 s5: F 1.5132  hot err 2.21%  k 1.05124  105 s
d34 p100000 s6: F 1.5000  hot err 1.88%  k 1.05131  105 s
d34 p100000 s7: F 1.5082  hot err 1.95%  k 1.05179  106 s
d34 p100000 s8: F 1.5021  hot err 2.07%  k 1.05152  106 s
d34 p400000 s1: F 1.4645  hot err 1.07%  k 1.05131  394 s
d34 p400000 s2: F 1.4738  hot err 0.92%  k 1.05172  394 s
d34 p400000 s3: F 1.4640  hot err 0.88%  k 1.05149  389 s
d34 p400000 s4: F 1.4642  hot err 0.90%  k 1.05139  390 s
d34 p400000 s5: F 1.4773  hot err 0.89%  k 1.05156  391 s
d34 p400000 s6: F 1.4731  hot err 0.92%  k 1.05153  390 s
d34 p400000 s7: F 1.4954  hot err 1.07%  k 1.05162  392 s
d34 p400000 s8: F 1.4803  hot err 1.05%  k 1.05167  388 s
d40 p25000 s1: F 1.6291  hot err 3.88%  k 1.05436  37 s
d40 p25000 s2: F 1.5833  hot err 4.60%  k 1.05542  37 s
d40 p25000 s3: F 1.6047  hot err 3.60%  k 1.05615  36 s
d40 p25000 s4: F 1.6098  hot err 3.60%  k 1.05510  37 s
d40 p25000 s5: F 1.6030  hot err 3.78%  k 1.05433  35 s
d40 p25000 s6: F 1.6018  hot err 4.08%  k 1.05498  36 s
d40 p25000 s7: F 1.6107  hot err 4.41%  k 1.05576  36 s
d40 p25000 s8: F 1.5982  hot err 3.61%  k 1.05613  35 s
d40 p100000 s1: F 1.5033  hot err 2.03%  k 1.05546  104 s
d40 p100000 s2: F 1.4966  hot err 2.04%  k 1.05462  105 s
d40 p100000 s3: F 1.4899  hot err 2.10%  k 1.05521  105 s
d40 p100000 s4: F 1.5154  hot err 1.98%  k 1.05542  105 s
d40 p100000 s5: F 1.4834  hot err 2.19%  k 1.05463  106 s
d40 p100000 s6: F 1.5108  hot err 2.09%  k 1.05507  106 s
d40 p100000 s7: F 1.4907  hot err 2.18%  k 1.05491  105 s
d40 p100000 s8: F 1.5257  hot err 2.11%  k 1.05508  106 s
d40 p400000 s1: F 1.4695  hot err 0.98%  k 1.05511  391 s
d40 p400000 s2: F 1.4720  hot err 1.03%  k 1.05494  390 s
d40 p400000 s3: F 1.4604  hot err 1.02%  k 1.05506  391 s
d40 p400000 s4: F 1.4664  hot err 0.96%  k 1.05496  395 s
d40 p400000 s5: F 1.4815  hot err 0.97%  k 1.05505  392 s
d40 p400000 s6: F 1.4698  hot err 0.92%  k 1.05516  393 s
d40 p400000 s7: F 1.4788  hot err 0.95%  k 1.05490  390 s
d40 p400000 s8: F 1.4684  hot err 0.97%  k 1.05520  392 s
d35 p25000 s1: F 1.5779  hot err 3.98%  k 1.06577  37 s
d35 p25000 s2: F 1.6385  hot err 3.93%  k 1.06464  36 s
d35 p25000 s3: F 1.5664  hot err 3.65%  k 1.06435  36 s
d35 p25000 s4: F 1.5791  hot err 4.02%  k 1.06424  36 s
d35 p25000 s5: F 1.5544  hot err 3.94%  k 1.06554  36 s
d35 p25000 s6: F 1.6507  hot err 4.17%  k 1.06484  36 s
d35 p25000 s7: F 1.5654  hot err 3.91%  k 1.06527  36 s
d35 p25000 s8: F 1.6142  hot err 3.63%  k 1.06462  36 s
d35 p100000 s1: F 1.4938  hot err 1.96%  k 1.06511  105 s
d35 p100000 s2: F 1.4902  hot err 2.04%  k 1.06475  106 s
d35 p100000 s3: F 1.5027  hot err 1.83%  k 1.06501  104 s
d35 p100000 s4: F 1.5164  hot err 1.95%  k 1.06459  106 s
d35 p100000 s5: F 1.5110  hot err 2.16%  k 1.06474  106 s
d35 p100000 s6: F 1.5097  hot err 2.07%  k 1.06457  105 s
d35 p100000 s7: F 1.5222  hot err 1.73%  k 1.06455  106 s
d35 p100000 s8: F 1.5005  hot err 2.01%  k 1.06455  106 s
d35 p400000 s1: F 1.4734  hot err 1.01%  k 1.06464  387 s
d35 p400000 s2: F 1.4722  hot err 0.87%  k 1.06463  393 s
d35 p400000 s3: F 1.4744  hot err 0.96%  k 1.06492  392 s
d35 p400000 s4: F 1.4772  hot err 0.94%  k 1.06462  392 s
d35 p400000 s5: F 1.4953  hot err 0.88%  k 1.06464  393 s
d35 p400000 s6: F 1.4897  hot err 1.05%  k 1.06465  395 s
d35 p400000 s7: F 1.4836  hot err 1.11%  k 1.06474  392 s
d35 p400000 s8: F 1.4747  hot err 1.05%  k 1.06445  392 s

design particles   mean F      sd     bias hot err n_tied    k sd  wall s
    47     25000   1.6440  0.0194  +0.1617   3.88%    9.9    32pcm    35.2
    47    100000   1.5592  0.0131  +0.0768   1.91%    5.6    24pcm   104.5
    47    400000   1.5245  0.0141  +0.0421   1.01%    4.0    20pcm   387.7
    47 F_inf = 1.4823 +- 0.0065
    44     25000   1.6291  0.0269  +0.1635   3.99%   12.6    73pcm    36.0
    44    100000   1.5358  0.0122  +0.0702   1.98%    8.8    24pcm   105.7
    44    400000   1.5054  0.0074  +0.0399   0.93%    4.8     8pcm   389.9
    44 F_inf = 1.4655 +- 0.0047
    34     25000   1.5900  0.0227  +0.1565   3.88%   13.2    61pcm    35.9
    34    100000   1.5054  0.0074  +0.0720   2.00%    7.5    37pcm   105.8
    34    400000   1.4741  0.0107  +0.0406   0.96%    6.4    14pcm   391.0
    34 F_inf = 1.4335 +- 0.0056
    40     25000   1.6051  0.0129  +0.1802   3.94%    9.0    72pcm    36.1
    40    100000   1.5020  0.0145  +0.0770   2.09%    8.1    32pcm   105.4
    40    400000   1.4708  0.0067  +0.0459   0.98%    5.0    11pcm   391.9
    40 F_inf = 1.4249 +- 0.0035
    35     25000   1.5933  0.0363  +0.1477   3.90%   12.6    56pcm    35.9
    35    100000   1.5058  0.0110  +0.0602   1.97%    8.1    22pcm   105.4
    35    400000   1.4801  0.0086  +0.0345   0.99%    2.9    13pcm   391.9
    35 F_inf = 1.4456 +- 0.0056
pooled seed-to-seed sd: {25000: 0.02491, 100000: 0.0119, 400000: 0.00985}  exponent -0.335 (expected -0.5)
front pairs not resolved by one 100000-particle solve: [[47, 44, 0.01681], [44, 35, 0.01995], [34, 40, 0.00856], [34, 35, 0.01211], [40, 35, 0.02067]]
