==========================================================================
Moderator temperature coefficient versus soluble boron
==========================================================================
design            : 69
level             : core3d
pressure          : 12.8 MPa, saturation 602.8 K
  T = 547.0 K -> rho = 0.77109 g/cm3 (subcooling 55.8 K)
  T = 567.0 K -> rho = 0.73403 g/cm3 (subcooling 35.8 K)
density change    : -4.81 per cent over 20 K
boron points      : [0.0, 1000.0, 2000.0, 3000.0] ppm
seeds             : 2
16 solves in total
==========================================================================
==========================================================================
 PREFLIGHT
==========================================================================
  host        : wks720
  cwd         : /home/diogo/master-thesis-unipi
  conda env   : openmc-env
  openmc      : 0.15.3
  iapws       : available
  branch      : main
  XS          : /home/diogo/openmc_data/endfb-vii.1-hdf5/cross_sections.xml
  threads     : 64 of 64
  no simulation currently running
preflight OK

design 69: enrich 4.868 wt%, gd_wt 4.382 wt%, pins 16, refl 5.660 cm

==========================================================================
MODERATOR TEMPERATURE COEFFICIENT, design 69, core3d
==========================================================================
  547 K -> 567 K at 12.8 MPa, rho 0.77109 -> 0.73403 g/cm3

      ppm     k(lo)     k(hi)       MTC      sd  verdict
        0   1.14388   1.13193    -46.16    1.38  negative, acceptable
     1000   1.06041   1.05402    -28.59    1.69  negative, acceptable
     2000   0.99097   0.98797    -15.32    1.76  negative, acceptable
     3000   0.93181   0.93233     +3.01    1.84  not resolved from zero

  MTC in pcm per K. A negative coefficient is the self-stabilising
  direction. The crossing is the boron ceiling for this lattice.

  CROSSING CONCENTRATION: 2836 ppm

  design 69 needs 2268 ppm (c_max)  -> BELOW the ceiling  margin +568 ppm
  for reference only, 13 of the 21 feasible designs demand less than 2836 ppm.
  That is not an operability count. The ceiling is a property of
  the design 69 lattice and each design has its own.

  Linear interpolation between the two bracketing points. Add points
  near the crossing if the bracket is wide.

wrote mtc_c9a_d69_p128_core3d/report.txt and mtc_c9a_d69_p128_core3d/summary.json
